#-----------------------------------------------------------
# Vivado v2023.2 (64-bit)
# SW Build 4029153 on Fri Oct 13 20:14:34 MDT 2023
# IP Build 4028589 on Sat Oct 14 00:45:43 MDT 2023
# SharedData Build 4025554 on Tue Oct 10 17:18:54 MDT 2023
# Start of session at: Tue May 21 15:13:37 2024
# Process ID: 19196
# Current directory: C:/UNI/Y4S1/P4P/p4p-2024-group57/Implementation_Test/VivadoProjects/MyNewProject/MyNewProject.runs/synth_1
# Command line: vivado.exe -log PmodIPs_wrapper.vds -product Vivado -mode batch -messageDb vivado.pb -notrace -source PmodIPs_wrapper.tcl
# Log file: C:/UNI/Y4S1/P4P/p4p-2024-group57/Implementation_Test/VivadoProjects/MyNewProject/MyNewProject.runs/synth_1/PmodIPs_wrapper.vds
# Journal file: C:/UNI/Y4S1/P4P/p4p-2024-group57/Implementation_Test/VivadoProjects/MyNewProject/MyNewProject.runs/synth_1\vivado.jou
# Running On: DESKTOP-609QEO1, OS: Windows, CPU Frequency: 3600 MHz, CPU Physical cores: 12, Host memory: 34264 MB
#-----------------------------------------------------------
source PmodIPs_wrapper.tcl -notrace
