#-----------------------------------------------------------
# Vivado v2023.2 (64-bit)
# SW Build 4029153 on Fri Oct 13 20:14:34 MDT 2023
# IP Build 4028589 on Sat Oct 14 00:45:43 MDT 2023
# SharedData Build 4025554 on Tue Oct 10 17:18:54 MDT 2023
# Start of session at: Tue May 21 18:09:43 2024
# Process ID: 21512
# Current directory: E:/UOA/Y4S1/P4P/Project/project_new_start_try_DC/project_new_start_try_DC.runs/design_1_mig_7series_0_0_synth_1
# Command line: vivado.exe -log design_1_mig_7series_0_0.vds -product Vivado -mode batch -messageDb vivado.pb -notrace -source design_1_mig_7series_0_0.tcl
# Log file: E:/UOA/Y4S1/P4P/Project/project_new_start_try_DC/project_new_start_try_DC.runs/design_1_mig_7series_0_0_synth_1/design_1_mig_7series_0_0.vds
# Journal file: E:/UOA/Y4S1/P4P/Project/project_new_start_try_DC/project_new_start_try_DC.runs/design_1_mig_7series_0_0_synth_1\vivado.jou
# Running On: DESKTOP-609QEO1, OS: Windows, CPU Frequency: 3600 MHz, CPU Physical cores: 12, Host memory: 34264 MB
#-----------------------------------------------------------
source design_1_mig_7series_0_0.tcl -notrace
